Copyright 1986-2022 Xilinx, Inc. All Rights Reserved. Copyright 2022-2024 Advanced Micro Devices, Inc. All Rights Reserved.
---------------------------------------------------------------------------------------------------------------------------------------------
| Tool Version : Vivado v.2024.2 (win64) Build 5239630 Fri Nov 08 22:35:27 MST 2024
| Date         : Wed Aug 26 21:40:35 2026
| Host         : LAPTOP-SQJOI1TF running 64-bit major release  (build 9200)
| Command      : report_control_sets -verbose -file top_control_sets_placed.rpt
| Design       : top
| Device       : xc7a35t
---------------------------------------------------------------------------------------------------------------------------------------------

Control Set Information

Table of Contents
-----------------
1. Summary
2. Histogram
3. Flip-Flop Distribution
4. Detailed Control Set Information

1. Summary
----------

+----------------------------------------------------------+-------+
|                          Status                          | Count |
+----------------------------------------------------------+-------+
| Total control sets                                       |    36 |
|    Minimum number of control sets                        |    36 |
|    Addition due to synthesis replication                 |     0 |
|    Addition due to physical synthesis replication        |     0 |
| Unused register locations in slices containing registers |   131 |
+----------------------------------------------------------+-------+
* Control sets can be merged at opt_design using control_set_merge or merge_equivalent_drivers
** Run report_qor_suggestions for automated merging and remapping suggestions


2. Histogram
------------

+--------------------+-------+
|       Fanout       | Count |
+--------------------+-------+
| Total control sets |    36 |
| >= 0 to < 4        |     7 |
| >= 4 to < 6        |     0 |
| >= 6 to < 8        |     3 |
| >= 8 to < 10       |     2 |
| >= 10 to < 12      |     4 |
| >= 12 to < 14      |     1 |
| >= 14 to < 16      |     0 |
| >= 16              |    19 |
+--------------------+-------+
* Control sets can be remapped at either synth_design or opt_design


3. Flip-Flop Distribution
-------------------------

+--------------+-----------------------+------------------------+-----------------+--------------+
| Clock Enable | Synchronous Set/Reset | Asynchronous Set/Reset | Total Registers | Total Slices |
+--------------+-----------------------+------------------------+-----------------+--------------+
| No           | No                    | No                     |             259 |           66 |
| No           | No                    | Yes                    |              54 |           20 |
| No           | Yes                   | No                     |              32 |           10 |
| Yes          | No                    | No                     |              44 |           14 |
| Yes          | No                    | Yes                    |             210 |           73 |
| Yes          | Yes                   | No                     |             110 |           22 |
+--------------+-----------------------+------------------------+-----------------+--------------+


4. Detailed Control Set Information
-----------------------------------

+------------------------------------+-----------------------------------------------------------------------------------------+-----------------------------------------------------------------------------------------------------------------------+------------------+----------------+--------------+
|            Clock Signal            |                                      Enable Signal                                      |                                                    Set/Reset Signal                                                   | Slice Load Count | Bel Load Count | Bels / Slice |
+------------------------------------+-----------------------------------------------------------------------------------------+-----------------------------------------------------------------------------------------------------------------------+------------------+----------------+--------------+
|  camera_config/ov5640_iic_inst/clk |                                                                                         | power_sequencer/ov5640_sccb_begin_reg_0                                                                               |                1 |              1 |         1.00 |
|  clock_generator/inst/clk_100MHz   | memory_manager/bank_reg[1]_i_1_n_0                                                      |                                                                                                                       |                1 |              1 |         1.00 |
|  clock_generator/inst/clk_24MHz    |                                                                                         | memory_manager/sys_rst_n                                                                                              |                1 |              1 |         1.00 |
| ~camera_config/ov5640_iic_inst/clk |                                                                                         | power_sequencer/ov5640_sccb_begin_reg_0                                                                               |                1 |              2 |         2.00 |
|  clock_generator/inst/clk_25MHz    |                                                                                         | read_fifo/U0/inst_fifo_gen/gconvfifo.rf/grf.rf/rstblk/SR[0]                                                           |                1 |              3 |         3.00 |
|  cam_pclk_IBUF_BUFG                |                                                                                         | memory_manager/sys_rst_n                                                                                              |                1 |              3 |         3.00 |
|  cam_pclk_IBUF_BUFG                |                                                                                         | write_fifo/U0/inst_fifo_gen/gconvfifo.rf/grf.rf/rstblk/ngwrdrst.grst.g7serrst.gsckt_wrst.gic_rst.sckt_wr_rst_ic_reg_0 |                2 |              3 |         1.50 |
| ~camera_config/ov5640_iic_inst/clk | camera_config/ov5640_iic_inst/cfg_cnt[5]_i_1_n_0                                        | power_sequencer/ov5640_sccb_begin_reg_0                                                                               |                3 |              6 |         2.00 |
|  clock_generator/inst/clk_100MHz   |                                                                                         | write_fifo/U0/inst_fifo_gen/gconvfifo.rf/grf.rf/rstblk/SR[0]                                                          |                2 |              6 |         3.00 |
|  clock_generator/inst/clk_100MHz   |                                                                                         | read_fifo/U0/inst_fifo_gen/gconvfifo.rf/grf.rf/rstblk/ngwrdrst.grst.g7serrst.gsckt_wrst.gic_rst.sckt_wr_rst_ic_reg_0  |                2 |              6 |         3.00 |
|  clock_generator/inst/clk_24MHz    | camera_config/cfg_index[7]_i_1_n_0                                                      | power_sequencer/ov5640_sccb_begin_reg_0                                                                               |                3 |              8 |         2.67 |
|  cam_pclk_IBUF_BUFG                | camera_capture/byte_latched                                                             | memory_manager/sys_rst_n                                                                                              |                1 |              8 |         8.00 |
|  clock_generator/inst/clk_100MHz   | memory_manager/burst_cnt                                                                | memory_manager/sys_rst_n                                                                                              |                4 |             10 |         2.50 |
|  clock_generator/inst/clk_25MHz    | vga_timing/v_count_next                                                                 | memory_manager/sys_rst_n                                                                                              |                3 |             10 |         3.33 |
|  clock_generator/inst/clk_24MHz    |                                                                                         | power_sequencer/ov5640_sccb_begin_reg_0                                                                               |                3 |             11 |         3.67 |
|  clock_generator/inst/clk_100MHz   | memory_manager/addr_reg[10]_i_1_n_0                                                     |                                                                                                                       |                6 |             11 |         1.83 |
|  clock_generator/inst/clk_100MHz   | memory_manager/FSM_onehot_state[11]_i_1_n_0                                             | memory_manager/sys_rst_n                                                                                              |                3 |             12 |         4.00 |
|  clock_generator/inst/clk_100MHz   | memory_manager/delay_cnt                                                                | memory_manager/sys_rst_n                                                                                              |                4 |             16 |         4.00 |
|  clock_generator/inst/clk_100MHz   | memory_manager/fifo_rd_data[15]_i_1_n_0                                                 |                                                                                                                       |                2 |             16 |         8.00 |
|  clock_generator/inst/clk_100MHz   | memory_manager/dq_out[15]_i_1_n_0                                                       |                                                                                                                       |                5 |             16 |         3.20 |
|  cam_pclk_IBUF_BUFG                | camera_capture/__0/i__n_0                                                               | memory_manager/sys_rst_n                                                                                              |                3 |             16 |         5.33 |
|  clock_generator/inst/clk_24MHz    | power_sequencer/cnt_2ms0                                                                | memory_manager/sys_rst_n                                                                                              |                5 |             17 |         3.40 |
|  clock_generator/inst/clk_24MHz    | power_sequencer/cam_pwdn_OBUF                                                           | memory_manager/sys_rst_n                                                                                              |                5 |             19 |         3.80 |
|  clock_generator/inst/clk_24MHz    | power_sequencer/cnt_21ms[0]_i_1_n_0                                                     | memory_manager/sys_rst_n                                                                                              |                6 |             21 |         3.50 |
|  clock_generator/inst/clk_100MHz   | memory_manager/wr_addr_ptr                                                              | memory_manager/sys_rst_n                                                                                              |                5 |             22 |         4.40 |
|  clock_generator/inst/clk_100MHz   | write_fifo/U0/inst_fifo_gen/gconvfifo.rf/grf.rf/gntv_or_sync_fifo.gl0.rd/gras.rsts/E[0] | write_fifo/U0/inst_fifo_gen/gconvfifo.rf/grf.rf/rstblk/SR[0]                                                          |                5 |             22 |         4.40 |
|  clock_generator/inst/clk_100MHz   | memory_manager/rd_addr_ptr                                                              | memory_manager/sys_rst_n                                                                                              |                5 |             22 |         4.40 |
|  clock_generator/inst/clk_25MHz    | read_fifo/U0/inst_fifo_gen/gconvfifo.rf/grf.rf/gntv_or_sync_fifo.gl0.rd/gras.rsts/E[0]  | read_fifo/U0/inst_fifo_gen/gconvfifo.rf/grf.rf/rstblk/SR[0]                                                           |                5 |             22 |         4.40 |
|  clock_generator/inst/clk_24MHz    | camera_config/start                                                                     | power_sequencer/ov5640_sccb_begin_reg_0                                                                               |               23 |             23 |         1.00 |
|  clock_generator/inst/clk_100MHz   |                                                                                         | memory_manager/sys_rst_n                                                                                              |                9 |             24 |         2.67 |
|  clock_generator/inst/clk_25MHz    |                                                                                         | memory_manager/sys_rst_n                                                                                              |                7 |             26 |         3.71 |
|  clock_generator/inst/clk_100MHz   | read_fifo/U0/inst_fifo_gen/gconvfifo.rf/grf.rf/gntv_or_sync_fifo.gl0.wr/gwas.wsts/E[0]  | read_fifo/U0/inst_fifo_gen/gconvfifo.rf/grf.rf/rstblk/ngwrdrst.grst.g7serrst.gsckt_wrst.gic_rst.sckt_wr_rst_ic_reg_0  |                7 |             33 |         4.71 |
|  cam_pclk_IBUF_BUFG                | write_fifo/U0/inst_fifo_gen/gconvfifo.rf/grf.rf/gntv_or_sync_fifo.gl0.wr/gwas.wsts/E[0] | write_fifo/U0/inst_fifo_gen/gconvfifo.rf/grf.rf/rstblk/ngwrdrst.grst.g7serrst.gsckt_wrst.gic_rst.sckt_wr_rst_ic_reg_0 |                5 |             33 |         6.60 |
|  clock_generator/inst/clk_25MHz    |                                                                                         |                                                                                                                       |               16 |             63 |         3.94 |
|  cam_pclk_IBUF_BUFG                |                                                                                         |                                                                                                                       |               17 |             68 |         4.00 |
|  clock_generator/inst/clk_100MHz   |                                                                                         |                                                                                                                       |               33 |            132 |         4.00 |
+------------------------------------+-----------------------------------------------------------------------------------------+-----------------------------------------------------------------------------------------------------------------------+------------------+----------------+--------------+


