Copyright 1986-2022 Xilinx, Inc. All Rights Reserved. Copyright 2022-2024 Advanced Micro Devices, Inc. All Rights Reserved.
-------------------------------------------------------------------------------------------------------------------------------------------------
| Tool Version     : Vivado v.2024.2 (win64) Build 5239630 Fri Nov 08 22:35:27 MST 2024
| Date             : Wed Aug 26 20:30:08 2026
| Host             : LAPTOP-SQJOI1TF running 64-bit major release  (build 9200)
| Command          : report_power -file top_power_routed.rpt -pb top_power_summary_routed.pb -rpx top_power_routed.rpx
| Design           : top
| Device           : xc7a35tftg256-1
| Design State     : routed
| Grade            : commercial
| Process          : typical
| Characterization : Production
-------------------------------------------------------------------------------------------------------------------------------------------------

Power Report

Table of Contents
-----------------
1. Summary
1.1 On-Chip Components
1.2 Power Supply Summary
1.3 Confidence Level
2. Settings
2.1 Environment
2.2 Clock Constraints
3. Detailed Reports
3.1 By Hierarchy

1. Summary
----------

+--------------------------+--------------+
| Total On-Chip Power (W)  | 0.224        |
| Design Power Budget (W)  | Unspecified* |
| Power Budget Margin (W)  | NA           |
| Dynamic (W)              | 0.152        |
| Device Static (W)        | 0.072        |
| Effective TJA (C/W)      | 4.9          |
| Max Ambient (C)          | 83.9         |
| Junction Temperature (C) | 26.1         |
| Confidence Level         | Low          |
| Setting File             | ---          |
| Simulation Activity File | ---          |
| Design Nets Matched      | NA           |
+--------------------------+--------------+
* Specify Design Power Budget using, set_operating_conditions -design_power_budget <value in Watts>


1.1 On-Chip Components
----------------------

+-------------------------+-----------+----------+-----------+-----------------+
| On-Chip                 | Power (W) | Used     | Available | Utilization (%) |
+-------------------------+-----------+----------+-----------+-----------------+
| Clocks                  |     0.004 |        8 |       --- |             --- |
| Slice Logic             |    <0.001 |     1529 |       --- |             --- |
|   LUT as Logic          |    <0.001 |      512 |     20800 |            2.46 |
|   Register              |    <0.001 |      707 |     41600 |            1.70 |
|   CARRY4                |    <0.001 |       54 |      8150 |            0.66 |
|   BUFG                  |    <0.001 |        1 |        32 |            3.13 |
|   F7/F8 Muxes           |    <0.001 |       36 |     32600 |            0.11 |
|   Others                |     0.000 |       94 |       --- |             --- |
|   LUT as Shift Register |     0.000 |        4 |      9600 |            0.04 |
| Signals                 |     0.001 |     1039 |       --- |             --- |
| Block RAM               |     0.002 |        2 |        50 |            4.00 |
| MMCM                    |     0.115 |        1 |         5 |           20.00 |
| I/O                     |     0.030 |       71 |       170 |           41.76 |
| Static Power            |     0.072 |          |           |                 |
| Total                   |     0.224 |          |           |                 |
+-------------------------+-----------+----------+-----------+-----------------+


1.2 Power Supply Summary
------------------------

+-----------+-------------+-----------+-------------+------------+-------------+-------------+------------+
| Source    | Voltage (V) | Total (A) | Dynamic (A) | Static (A) | Powerup (A) | Budget (A)  | Margin (A) |
+-----------+-------------+-----------+-------------+------------+-------------+-------------+------------+
| Vccint    |       1.000 |     0.017 |       0.007 |      0.010 |       NA    | Unspecified | NA         |
| Vccaux    |       1.800 |     0.077 |       0.065 |      0.013 |       NA    | Unspecified | NA         |
| Vcco33    |       3.300 |     0.009 |       0.008 |      0.001 |       NA    | Unspecified | NA         |
| Vcco25    |       2.500 |     0.000 |       0.000 |      0.000 |       NA    | Unspecified | NA         |
| Vcco18    |       1.800 |     0.000 |       0.000 |      0.000 |       NA    | Unspecified | NA         |
| Vcco15    |       1.500 |     0.000 |       0.000 |      0.000 |       NA    | Unspecified | NA         |
| Vcco135   |       1.350 |     0.000 |       0.000 |      0.000 |       NA    | Unspecified | NA         |
| Vcco12    |       1.200 |     0.000 |       0.000 |      0.000 |       NA    | Unspecified | NA         |
| Vccaux_io |       1.800 |     0.000 |       0.000 |      0.000 |       NA    | Unspecified | NA         |
| Vccbram   |       1.000 |     0.000 |       0.000 |      0.000 |       NA    | Unspecified | NA         |
| MGTAVcc   |       1.000 |     0.000 |       0.000 |      0.000 |       NA    | Unspecified | NA         |
| MGTAVtt   |       1.200 |     0.000 |       0.000 |      0.000 |       NA    | Unspecified | NA         |
| Vccadc    |       1.800 |     0.020 |       0.000 |      0.020 |       NA    | Unspecified | NA         |
+-----------+-------------+-----------+-------------+------------+-------------+-------------+------------+


1.3 Confidence Level
--------------------

+-----------------------------+------------+--------------------------------------------------------+--------------------------------------------------------------------------------------------------------------------+
| User Input Data             | Confidence | Details                                                | Action                                                                                                             |
+-----------------------------+------------+--------------------------------------------------------+--------------------------------------------------------------------------------------------------------------------+
| Design implementation state | High       | Design is routed                                       |                                                                                                                    |
| Clock nodes activity        | Medium     | More than 5% of clocks are missing user specification  | Provide missing clock activity with a constraint file, simulation results or by editing the "By Clock Domain" view |
| I/O nodes activity          | Low        | More than 75% of inputs are missing user specification | Provide missing input activity with simulation results or by editing the "By Resource Type -> I/Os" view           |
| Internal nodes activity     | Medium     | User specified less than 25% of internal nodes         | Provide missing internal nodes activity with simulation results or by editing the "By Resource Type" views         |
| Device models               | High       | Device models are Production                           |                                                                                                                    |
|                             |            |                                                        |                                                                                                                    |
| Overall confidence level    | Low        |                                                        |                                                                                                                    |
+-----------------------------+------------+--------------------------------------------------------+--------------------------------------------------------------------------------------------------------------------+


2. Settings
-----------

2.1 Environment
---------------

+-----------------------+--------------------------+
| Ambient Temp (C)      | 25.0                     |
| ThetaJA (C/W)         | 4.9                      |
| Airflow (LFM)         | 250                      |
| Heat Sink             | medium (Medium Profile)  |
| ThetaSA (C/W)         | 4.6                      |
| Board Selection       | medium (10"x10")         |
| # of Board Layers     | 12to15 (12 to 15 Layers) |
| Board Temperature (C) | 25.0                     |
+-----------------------+--------------------------+


2.2 Clock Constraints
---------------------

+----------------------------+-------------------------------------------------+-----------------+
| Clock                      | Domain                                          | Constraint (ns) |
+----------------------------+-------------------------------------------------+-----------------+
| clk_100MHz_clk_wiz_0       | clock_generator/inst/clk_100MHz_clk_wiz_0       |            10.0 |
| clk_100MHz_shift_clk_wiz_0 | clock_generator/inst/clk_100MHz_shift_clk_wiz_0 |            10.0 |
| clk_24MHz_clk_wiz_0        | clock_generator/inst/clk_24MHz_clk_wiz_0        |            41.7 |
| clk_25MHz_clk_wiz_0        | clock_generator/inst/clk_25MHz_clk_wiz_0        |            40.0 |
| clkfbout_clk_wiz_0         | clock_generator/inst/clkfbout_clk_wiz_0         |            20.0 |
| sys_clk_50M                | sys_clk_50M                                     |            20.0 |
+----------------------------+-------------------------------------------------+-----------------+


3. Detailed Reports
-------------------

3.1 By Hierarchy
----------------

+---------------------+-----------+
| Name                | Power (W) |
+---------------------+-----------+
| top                 |     0.152 |
|   clock_generator   |     0.115 |
|     inst            |     0.115 |
|   memory_manager    |     0.002 |
|   read_fifo         |     0.001 |
|     U0              |     0.001 |
|       inst_fifo_gen |     0.001 |
|   write_fifo        |     0.002 |
|     U0              |     0.002 |
|       inst_fifo_gen |     0.002 |
+---------------------+-----------+


