INFO: [VRFC 10-2263] Analyzing Verilog file "D:/Ayush/Xilinx/edge_detection_v2/edge_detection_v2.gen/sources_1/ip/async_fifo_16x2048/sim/async_fifo_16x2048.v" into library xil_defaultlib
INFO: [VRFC 10-311] analyzing module async_fifo_16x2048
INFO: [VRFC 10-2263] Analyzing Verilog file "D:/Ayush/Xilinx/edge_detection_v2/edge_detection_v2.gen/sources_1/ip/clk_wiz_0/clk_wiz_0_clk_wiz.v" into library xil_defaultlib
INFO: [VRFC 10-311] analyzing module clk_wiz_0_clk_wiz
INFO: [VRFC 10-2263] Analyzing Verilog file "D:/Ayush/Xilinx/edge_detection_v2/edge_detection_v2.gen/sources_1/ip/clk_wiz_0/clk_wiz_0.v" into library xil_defaultlib
INFO: [VRFC 10-311] analyzing module clk_wiz_0
INFO: [VRFC 10-2263] Analyzing Verilog file "D:/Ayush/Xilinx/edge_detection_v2/edge_detection_v2.srcs/sources_1/new/ov5640_capture.v" into library xil_defaultlib
INFO: [VRFC 10-311] analyzing module ov5640_capture
INFO: [VRFC 10-2263] Analyzing Verilog file "D:/Ayush/Xilinx/edge_detection_v2/edge_detection_v2.srcs/sources_1/new/ov5640_config.v" into library xil_defaultlib
INFO: [VRFC 10-311] analyzing module ov5640_config
INFO: [VRFC 10-2263] Analyzing Verilog file "D:/Ayush/Xilinx/edge_detection_v2/edge_detection_v2.srcs/sources_1/new/ov5640_pwd.v" into library xil_defaultlib
INFO: [VRFC 10-311] analyzing module pwd
INFO: [VRFC 10-2263] Analyzing Verilog file "D:/Ayush/Xilinx/edge_detection_v2/edge_detection_v2.srcs/sources_1/new/sdram_controller.v" into library xil_defaultlib
INFO: [VRFC 10-311] analyzing module sdram_controller
INFO: [VRFC 10-2263] Analyzing Verilog file "D:/Ayush/Xilinx/edge_detection_v2/edge_detection_v2.srcs/sources_1/new/vga_controller.v" into library xil_defaultlib
INFO: [VRFC 10-311] analyzing module vga_controller
INFO: [VRFC 10-2263] Analyzing Verilog file "D:/Ayush/Xilinx/edge_detection_v2/edge_detection_v2.srcs/sources_1/new/vga_fifo_read.v" into library xil_defaultlib
INFO: [VRFC 10-311] analyzing module vga_fifo_read
INFO: [VRFC 10-2263] Analyzing Verilog file "D:/Ayush/Xilinx/edge_detection_v2/edge_detection_v2.srcs/sources_1/new/top.v" into library xil_defaultlib
INFO: [VRFC 10-311] analyzing module top
INFO: [VRFC 10-2263] Analyzing Verilog file "D:/Ayush/Xilinx/edge_detection_v2/edge_detection_v2.sim/sim_1/behav/xsim/glbl.v" into library xil_defaultlib
INFO: [VRFC 10-311] analyzing module glbl
