
*** Running vivado
    with args -log top.vds -m64 -product Vivado -mode batch -messageDb vivado.pb -notrace -source top.tcl



****** Vivado v2024.2 (64-bit)
  **** SW Build 5239630 on Fri Nov 08 22:35:27 MST 2024
  **** IP Build 5239520 on Sun Nov 10 16:12:51 MST 2024
  **** SharedData Build 5239561 on Fri Nov 08 14:39:27 MST 2024
  **** Start of session at: Wed Aug 26 13:05:15 2026
    ** Copyright 1986-2022 Xilinx, Inc. All Rights Reserved.
    ** Copyright 2022-2024 Advanced Micro Devices, Inc. All Rights Reserved.

source top.tcl -notrace
Command: read_checkpoint -auto_incremental -incremental D:/Ayush/Xilinx/edge_detection_v2/edge_detection_v2.srcs/utils_1/imports/synth_1/top.dcp
INFO: [Vivado 12-5825] Read reference checkpoint from D:/Ayush/Xilinx/edge_detection_v2/edge_detection_v2.srcs/utils_1/imports/synth_1/top.dcp for incremental synthesis
INFO: [Vivado 12-7989] Please ensure there are no constraint changes
Command: synth_design -top top -part xc7a35tftg256-1
Starting synth_design
Attempting to get a license for feature 'Synthesis' and/or device 'xc7a35t'
INFO: [Common 17-349] Got license for feature 'Synthesis' and/or device 'xc7a35t'
INFO: [Device 21-403] Loading part xc7a35tftg256-1
INFO: [Designutils 20-5440] No compile time benefit to using incremental synthesis; A full resynthesis will be run
INFO: [Designutils 20-4379] Flow is switching to default flow due to incremental criteria not met. If you would like to alter this behaviour and have the flow terminate instead, please set the following parameter config_implementation {autoIncr.Synth.RejectBehavior Terminate}
INFO: [Synth 8-7079] Multithreading enabled for synth_design using a maximum of 2 processes.
INFO: [Synth 8-7078] Launching helper process for spawning children vivado processes
INFO: [Synth 8-7075] Helper process launched with PID 25856
---------------------------------------------------------------------------------
Starting RTL Elaboration : Time (s): cpu = 00:00:04 ; elapsed = 00:00:04 . Memory (MB): peak = 1010.637 ; gain = 468.723
---------------------------------------------------------------------------------
WARNING: [Synth 8-10929] literal value 'd1792 truncated to fit in 10 bits [D:/Ayush/Xilinx/edge_detection_v2/edge_detection_v2.srcs/sources_1/new/sdram_controller.v:164]
INFO: [Synth 8-6157] synthesizing module 'top' [D:/Ayush/Xilinx/edge_detection_v2/edge_detection_v2.srcs/sources_1/new/top.v:23]
INFO: [Synth 8-6157] synthesizing module 'clk_wiz_0' [D:/Ayush/Xilinx/edge_detection_v2/edge_detection_v2.runs/synth_1/.Xil/Vivado-11848-LAPTOP-SQJOI1TF/realtime/clk_wiz_0_stub.v:6]
INFO: [Synth 8-6155] done synthesizing module 'clk_wiz_0' (0#1) [D:/Ayush/Xilinx/edge_detection_v2/edge_detection_v2.runs/synth_1/.Xil/Vivado-11848-LAPTOP-SQJOI1TF/realtime/clk_wiz_0_stub.v:6]
INFO: [Synth 8-6157] synthesizing module 'pwd' [D:/Ayush/Xilinx/edge_detection_v2/edge_detection_v2.srcs/sources_1/new/ov5640_pwd.v:3]
INFO: [Synth 8-6155] done synthesizing module 'pwd' (0#1) [D:/Ayush/Xilinx/edge_detection_v2/edge_detection_v2.srcs/sources_1/new/ov5640_pwd.v:3]
INFO: [Synth 8-6157] synthesizing module 'ov5640_config' [D:/Ayush/Xilinx/edge_detection_v2/edge_detection_v2.srcs/sources_1/new/ov5640_config.v:3]
INFO: [Synth 8-6157] synthesizing module 'sccb' [D:/Ayush/Xilinx/edge_detection_v2/edge_detection_v2.srcs/sources_1/new/sccb.v:3]
INFO: [Synth 8-6155] done synthesizing module 'sccb' (0#1) [D:/Ayush/Xilinx/edge_detection_v2/edge_detection_v2.srcs/sources_1/new/sccb.v:3]
INFO: [Synth 8-6155] done synthesizing module 'ov5640_config' (0#1) [D:/Ayush/Xilinx/edge_detection_v2/edge_detection_v2.srcs/sources_1/new/ov5640_config.v:3]
INFO: [Synth 8-6157] synthesizing module 'ov5640_capture' [D:/Ayush/Xilinx/edge_detection_v2/edge_detection_v2.srcs/sources_1/new/ov5640_capture.v:22]
INFO: [Synth 8-6155] done synthesizing module 'ov5640_capture' (0#1) [D:/Ayush/Xilinx/edge_detection_v2/edge_detection_v2.srcs/sources_1/new/ov5640_capture.v:22]
INFO: [Synth 8-6157] synthesizing module 'async_fifo_16x2048' [D:/Ayush/Xilinx/edge_detection_v2/edge_detection_v2.runs/synth_1/.Xil/Vivado-11848-LAPTOP-SQJOI1TF/realtime/async_fifo_16x2048_stub.v:6]
INFO: [Synth 8-6155] done synthesizing module 'async_fifo_16x2048' (0#1) [D:/Ayush/Xilinx/edge_detection_v2/edge_detection_v2.runs/synth_1/.Xil/Vivado-11848-LAPTOP-SQJOI1TF/realtime/async_fifo_16x2048_stub.v:6]
WARNING: [Synth 8-7071] port 'wr_rst_busy' of module 'async_fifo_16x2048' is unconnected for instance 'write_fifo' [D:/Ayush/Xilinx/edge_detection_v2/edge_detection_v2.srcs/sources_1/new/top.v:129]
WARNING: [Synth 8-7071] port 'rd_rst_busy' of module 'async_fifo_16x2048' is unconnected for instance 'write_fifo' [D:/Ayush/Xilinx/edge_detection_v2/edge_detection_v2.srcs/sources_1/new/top.v:129]
WARNING: [Synth 8-7023] instance 'write_fifo' of module 'async_fifo_16x2048' has 13 connections declared, but only 11 given [D:/Ayush/Xilinx/edge_detection_v2/edge_detection_v2.srcs/sources_1/new/top.v:129]
INFO: [Synth 8-6157] synthesizing module 'sdram_controller' [D:/Ayush/Xilinx/edge_detection_v2/edge_detection_v2.srcs/sources_1/new/sdram_controller.v:23]
INFO: [Synth 8-155] case statement is not full and has no default [D:/Ayush/Xilinx/edge_detection_v2/edge_detection_v2.srcs/sources_1/new/sdram_controller.v:128]
INFO: [Synth 8-6155] done synthesizing module 'sdram_controller' (0#1) [D:/Ayush/Xilinx/edge_detection_v2/edge_detection_v2.srcs/sources_1/new/sdram_controller.v:23]
WARNING: [Synth 8-7071] port 'wr_rst_busy' of module 'async_fifo_16x2048' is unconnected for instance 'read_fifo' [D:/Ayush/Xilinx/edge_detection_v2/edge_detection_v2.srcs/sources_1/new/top.v:182]
WARNING: [Synth 8-7071] port 'rd_rst_busy' of module 'async_fifo_16x2048' is unconnected for instance 'read_fifo' [D:/Ayush/Xilinx/edge_detection_v2/edge_detection_v2.srcs/sources_1/new/top.v:182]
WARNING: [Synth 8-7023] instance 'read_fifo' of module 'async_fifo_16x2048' has 13 connections declared, but only 11 given [D:/Ayush/Xilinx/edge_detection_v2/edge_detection_v2.srcs/sources_1/new/top.v:182]
INFO: [Synth 8-6157] synthesizing module 'vga_controller' [D:/Ayush/Xilinx/edge_detection_v2/edge_detection_v2.srcs/sources_1/new/vga_controller.v:3]
INFO: [Synth 8-6155] done synthesizing module 'vga_controller' (0#1) [D:/Ayush/Xilinx/edge_detection_v2/edge_detection_v2.srcs/sources_1/new/vga_controller.v:3]
INFO: [Synth 8-6157] synthesizing module 'vga_fifo_read' [D:/Ayush/Xilinx/edge_detection_v2/edge_detection_v2.srcs/sources_1/new/vga_fifo_read.v:22]
INFO: [Synth 8-6155] done synthesizing module 'vga_fifo_read' (0#1) [D:/Ayush/Xilinx/edge_detection_v2/edge_detection_v2.srcs/sources_1/new/vga_fifo_read.v:22]
INFO: [Synth 8-6155] done synthesizing module 'top' (0#1) [D:/Ayush/Xilinx/edge_detection_v2/edge_detection_v2.srcs/sources_1/new/top.v:23]
WARNING: [Synth 8-6014] Unused sequential element cnt_200us_reg was removed.  [D:/Ayush/Xilinx/edge_detection_v2/edge_detection_v2.srcs/sources_1/new/ov5640_config.v:334]
WARNING: [Synth 8-7137] Register fifo_wr_rd_en_reg in module sdram_controller has both Set and reset with same priority. This may cause simulation mismatches. Consider rewriting code  [D:/Ayush/Xilinx/edge_detection_v2/edge_detection_v2.srcs/sources_1/new/sdram_controller.v:125]
WARNING: [Synth 8-7137] Register fifo_rd_wr_en_reg in module sdram_controller has both Set and reset with same priority. This may cause simulation mismatches. Consider rewriting code  [D:/Ayush/Xilinx/edge_detection_v2/edge_detection_v2.srcs/sources_1/new/sdram_controller.v:126]
WARNING: [Synth 8-7137] Register addr_reg_reg in module sdram_controller has both Set and reset with same priority. This may cause simulation mismatches. Consider rewriting code  [D:/Ayush/Xilinx/edge_detection_v2/edge_detection_v2.srcs/sources_1/new/sdram_controller.v:90]
WARNING: [Synth 8-7137] Register bank_reg_reg in module sdram_controller has both Set and reset with same priority. This may cause simulation mismatches. Consider rewriting code  [D:/Ayush/Xilinx/edge_detection_v2/edge_detection_v2.srcs/sources_1/new/sdram_controller.v:91]
WARNING: [Synth 8-7137] Register dq_out_reg in module sdram_controller has both Set and reset with same priority. This may cause simulation mismatches. Consider rewriting code  [D:/Ayush/Xilinx/edge_detection_v2/edge_detection_v2.srcs/sources_1/new/sdram_controller.v:92]
WARNING: [Synth 8-7137] Register fifo_rd_data_reg in module sdram_controller has both Set and reset with same priority. This may cause simulation mismatches. Consider rewriting code  [D:/Ayush/Xilinx/edge_detection_v2/edge_detection_v2.srcs/sources_1/new/sdram_controller.v:229]
WARNING: [Synth 8-7129] Port fifo_data[11] in module vga_fifo_read is either unconnected or has no load
WARNING: [Synth 8-7129] Port fifo_data[6] in module vga_fifo_read is either unconnected or has no load
WARNING: [Synth 8-7129] Port fifo_data[5] in module vga_fifo_read is either unconnected or has no load
WARNING: [Synth 8-7129] Port fifo_data[0] in module vga_fifo_read is either unconnected or has no load
---------------------------------------------------------------------------------
Finished RTL Elaboration : Time (s): cpu = 00:00:05 ; elapsed = 00:00:05 . Memory (MB): peak = 1126.055 ; gain = 584.141
---------------------------------------------------------------------------------
---------------------------------------------------------------------------------
Start Handling Custom Attributes
---------------------------------------------------------------------------------
---------------------------------------------------------------------------------
Finished Handling Custom Attributes : Time (s): cpu = 00:00:05 ; elapsed = 00:00:06 . Memory (MB): peak = 1126.055 ; gain = 584.141
---------------------------------------------------------------------------------
---------------------------------------------------------------------------------
Finished RTL Optimization Phase 1 : Time (s): cpu = 00:00:05 ; elapsed = 00:00:06 . Memory (MB): peak = 1126.055 ; gain = 584.141
---------------------------------------------------------------------------------
Netlist sorting complete. Time (s): cpu = 00:00:00 ; elapsed = 00:00:00.006 . Memory (MB): peak = 1126.055 ; gain = 0.000
INFO: [Project 1-570] Preparing netlist for logic optimization

Processing XDC Constraints
Initializing timing engine
Parsing XDC File [d:/Ayush/Xilinx/edge_detection_v2/edge_detection_v2.gen/sources_1/ip/async_fifo_16x2048/async_fifo_16x2048/async_fifo_16x2048_in_context.xdc] for cell 'write_fifo'
Finished Parsing XDC File [d:/Ayush/Xilinx/edge_detection_v2/edge_detection_v2.gen/sources_1/ip/async_fifo_16x2048/async_fifo_16x2048/async_fifo_16x2048_in_context.xdc] for cell 'write_fifo'
Parsing XDC File [d:/Ayush/Xilinx/edge_detection_v2/edge_detection_v2.gen/sources_1/ip/async_fifo_16x2048/async_fifo_16x2048/async_fifo_16x2048_in_context.xdc] for cell 'read_fifo'
Finished Parsing XDC File [d:/Ayush/Xilinx/edge_detection_v2/edge_detection_v2.gen/sources_1/ip/async_fifo_16x2048/async_fifo_16x2048/async_fifo_16x2048_in_context.xdc] for cell 'read_fifo'
Parsing XDC File [d:/Ayush/Xilinx/edge_detection_v2/edge_detection_v2.gen/sources_1/ip/clk_wiz_0/clk_wiz_0/clk_wiz_0_in_context.xdc] for cell 'clock_generator'
Finished Parsing XDC File [d:/Ayush/Xilinx/edge_detection_v2/edge_detection_v2.gen/sources_1/ip/clk_wiz_0/clk_wiz_0/clk_wiz_0_in_context.xdc] for cell 'clock_generator'
Completed Processing XDC Constraints

Netlist sorting complete. Time (s): cpu = 00:00:00 ; elapsed = 00:00:00 . Memory (MB): peak = 1216.734 ; gain = 0.000
INFO: [Project 1-111] Unisim Transformation Summary:
No Unisim elements were transformed.

Constraint Validation Runtime : Time (s): cpu = 00:00:00 ; elapsed = 00:00:00.008 . Memory (MB): peak = 1216.734 ; gain = 0.000
INFO: [Designutils 20-5440] No compile time benefit to using incremental synthesis; A full resynthesis will be run
INFO: [Designutils 20-4379] Flow is switching to default flow due to incremental criteria not met. If you would like to alter this behaviour and have the flow terminate instead, please set the following parameter config_implementation {autoIncr.Synth.RejectBehavior Terminate}
---------------------------------------------------------------------------------
Finished Constraint Validation : Time (s): cpu = 00:00:11 ; elapsed = 00:00:12 . Memory (MB): peak = 1216.734 ; gain = 674.820
---------------------------------------------------------------------------------
---------------------------------------------------------------------------------
Start Loading Part and Timing Information
---------------------------------------------------------------------------------
Loading part: xc7a35tftg256-1
---------------------------------------------------------------------------------
Finished Loading Part and Timing Information : Time (s): cpu = 00:00:11 ; elapsed = 00:00:12 . Memory (MB): peak = 1216.734 ; gain = 674.820
---------------------------------------------------------------------------------
---------------------------------------------------------------------------------
Start Applying 'set_property' XDC Constraints
---------------------------------------------------------------------------------
Applied set_property IO_BUFFER_TYPE = NONE for sys_clk_50M. (constraint file  d:/Ayush/Xilinx/edge_detection_v2/edge_detection_v2.gen/sources_1/ip/clk_wiz_0/clk_wiz_0/clk_wiz_0_in_context.xdc, line 6).
Applied set_property CLOCK_BUFFER_TYPE = NONE for sys_clk_50M. (constraint file  d:/Ayush/Xilinx/edge_detection_v2/edge_detection_v2.gen/sources_1/ip/clk_wiz_0/clk_wiz_0/clk_wiz_0_in_context.xdc, line 7).
Applied set_property KEEP_HIERARCHY = SOFT for read_fifo. (constraint file  auto generated constraint).
Applied set_property KEEP_HIERARCHY = SOFT for write_fifo. (constraint file  auto generated constraint).
Applied set_property KEEP_HIERARCHY = SOFT for clock_generator. (constraint file  auto generated constraint).
---------------------------------------------------------------------------------
Finished applying 'set_property' XDC Constraints : Time (s): cpu = 00:00:11 ; elapsed = 00:00:12 . Memory (MB): peak = 1216.734 ; gain = 674.820
---------------------------------------------------------------------------------
INFO: [Synth 8-802] inferred FSM for state register 'state_reg' in module 'sdram_controller'
---------------------------------------------------------------------------------------------------
                   State |                     New Encoding |                Previous Encoding 
---------------------------------------------------------------------------------------------------
             S_INIT_WAIT |                     000000000001 |                             0000
              S_INIT_CMD |                     000000000010 |                             0001
                  S_IDLE |                     000000000100 |                             0010
               S_REF_PRE |                     000000001000 |                             0011
               S_REF_CMD |                     000000010000 |                             0100
             S_WRITE_ACT |                     000000100000 |                             0101
             S_WRITE_CMD |                     000001000000 |                             0110
             S_WRITE_DAT |                     000010000000 |                             0111
              S_READ_ACT |                     000100000000 |                             1000
              S_READ_CMD |                     001000000000 |                             1001
              S_READ_DAT |                     010000000000 |                             1010
             S_PRECHARGE |                     100000000000 |                             1011
---------------------------------------------------------------------------------------------------
INFO: [Synth 8-3354] encoded FSM with state register 'state_reg' using encoding 'one-hot' in module 'sdram_controller'
---------------------------------------------------------------------------------
Finished RTL Optimization Phase 2 : Time (s): cpu = 00:00:11 ; elapsed = 00:00:13 . Memory (MB): peak = 1216.734 ; gain = 674.820
---------------------------------------------------------------------------------
---------------------------------------------------------------------------------
Start RTL Component Statistics 
---------------------------------------------------------------------------------
Detailed RTL Component Info : 
+---Adders : 
	   2 Input   22 Bit       Adders := 2     
	   2 Input   16 Bit       Adders := 1     
	   2 Input   10 Bit       Adders := 4     
	   2 Input    8 Bit       Adders := 1     
	   2 Input    6 Bit       Adders := 1     
	   2 Input    5 Bit       Adders := 1     
	   2 Input    4 Bit       Adders := 1     
+---Registers : 
	               32 Bit    Registers := 1     
	               22 Bit    Registers := 2     
	               16 Bit    Registers := 4     
	               13 Bit    Registers := 1     
	               10 Bit    Registers := 4     
	                8 Bit    Registers := 3     
	                6 Bit    Registers := 1     
	                5 Bit    Registers := 1     
	                4 Bit    Registers := 5     
	                3 Bit    Registers := 1     
	                2 Bit    Registers := 1     
	                1 Bit    Registers := 19    
+---Muxes : 
	  12 Input   16 Bit        Muxes := 1     
	  12 Input   13 Bit        Muxes := 1     
	  12 Input   12 Bit        Muxes := 1     
	   2 Input   12 Bit        Muxes := 2     
	   2 Input   11 Bit        Muxes := 1     
	  12 Input   10 Bit        Muxes := 1     
	   2 Input    8 Bit        Muxes := 1     
	   2 Input    6 Bit        Muxes := 2     
	   2 Input    5 Bit        Muxes := 1     
	   2 Input    4 Bit        Muxes := 4     
	   2 Input    3 Bit        Muxes := 1     
	   4 Input    3 Bit        Muxes := 1     
	  12 Input    3 Bit        Muxes := 1     
	   2 Input    2 Bit        Muxes := 1     
	   2 Input    1 Bit        Muxes := 17    
	   5 Input    1 Bit        Muxes := 1     
	   4 Input    1 Bit        Muxes := 1     
	  12 Input    1 Bit        Muxes := 10    
---------------------------------------------------------------------------------
Finished RTL Component Statistics 
---------------------------------------------------------------------------------
---------------------------------------------------------------------------------
Start Part Resource Summary
---------------------------------------------------------------------------------
Part Resources:
DSPs: 90 (col length:60)
BRAMs: 100 (col length: RAMB18 60 RAMB36 30)
---------------------------------------------------------------------------------
Finished Part Resource Summary
---------------------------------------------------------------------------------
---------------------------------------------------------------------------------
Start Cross Boundary and Area Optimization
---------------------------------------------------------------------------------
WARNING: [Synth 8-7080] Parallel synthesis criteria is not met
---------------------------------------------------------------------------------
Finished Cross Boundary and Area Optimization : Time (s): cpu = 00:00:15 ; elapsed = 00:00:16 . Memory (MB): peak = 1216.734 ; gain = 674.820
---------------------------------------------------------------------------------
---------------------------------------------------------------------------------
Start Applying XDC Timing Constraints
---------------------------------------------------------------------------------
---------------------------------------------------------------------------------
Finished Applying XDC Timing Constraints : Time (s): cpu = 00:00:20 ; elapsed = 00:00:21 . Memory (MB): peak = 1322.445 ; gain = 780.531
---------------------------------------------------------------------------------
---------------------------------------------------------------------------------
Start Timing Optimization
---------------------------------------------------------------------------------
---------------------------------------------------------------------------------
Finished Timing Optimization : Time (s): cpu = 00:00:20 ; elapsed = 00:00:22 . Memory (MB): peak = 1359.961 ; gain = 818.047
---------------------------------------------------------------------------------
---------------------------------------------------------------------------------
Start Technology Mapping
---------------------------------------------------------------------------------
---------------------------------------------------------------------------------
Finished Technology Mapping : Time (s): cpu = 00:00:20 ; elapsed = 00:00:22 . Memory (MB): peak = 1361.082 ; gain = 819.168
---------------------------------------------------------------------------------
---------------------------------------------------------------------------------
Start IO Insertion
---------------------------------------------------------------------------------
---------------------------------------------------------------------------------
Start Flattening Before IO Insertion
---------------------------------------------------------------------------------
---------------------------------------------------------------------------------
Finished Flattening Before IO Insertion
---------------------------------------------------------------------------------
---------------------------------------------------------------------------------
Start Final Netlist Cleanup
---------------------------------------------------------------------------------
---------------------------------------------------------------------------------
Finished Final Netlist Cleanup
---------------------------------------------------------------------------------
---------------------------------------------------------------------------------
Finished IO Insertion : Time (s): cpu = 00:00:23 ; elapsed = 00:00:25 . Memory (MB): peak = 1551.547 ; gain = 1009.633
---------------------------------------------------------------------------------
---------------------------------------------------------------------------------
Start Renaming Generated Instances
---------------------------------------------------------------------------------
---------------------------------------------------------------------------------
Finished Renaming Generated Instances : Time (s): cpu = 00:00:23 ; elapsed = 00:00:25 . Memory (MB): peak = 1551.547 ; gain = 1009.633
---------------------------------------------------------------------------------
---------------------------------------------------------------------------------
Start Rebuilding User Hierarchy
---------------------------------------------------------------------------------
---------------------------------------------------------------------------------
Finished Rebuilding User Hierarchy : Time (s): cpu = 00:00:23 ; elapsed = 00:00:25 . Memory (MB): peak = 1551.547 ; gain = 1009.633
---------------------------------------------------------------------------------
---------------------------------------------------------------------------------
Start Renaming Generated Ports
---------------------------------------------------------------------------------
---------------------------------------------------------------------------------
Finished Renaming Generated Ports : Time (s): cpu = 00:00:23 ; elapsed = 00:00:25 . Memory (MB): peak = 1551.547 ; gain = 1009.633
---------------------------------------------------------------------------------
---------------------------------------------------------------------------------
Start Handling Custom Attributes
---------------------------------------------------------------------------------
---------------------------------------------------------------------------------
Finished Handling Custom Attributes : Time (s): cpu = 00:00:23 ; elapsed = 00:00:25 . Memory (MB): peak = 1551.547 ; gain = 1009.633
---------------------------------------------------------------------------------
---------------------------------------------------------------------------------
Start Renaming Generated Nets
---------------------------------------------------------------------------------
---------------------------------------------------------------------------------
Finished Renaming Generated Nets : Time (s): cpu = 00:00:23 ; elapsed = 00:00:25 . Memory (MB): peak = 1551.547 ; gain = 1009.633
---------------------------------------------------------------------------------
---------------------------------------------------------------------------------
Start Writing Synthesis Report
---------------------------------------------------------------------------------

Report BlackBoxes: 
+------+-------------------+----------+
|      |BlackBox name      |Instances |
+------+-------------------+----------+
|1     |clk_wiz_0          |         1|
|2     |async_fifo_16x2048 |         2|
+------+-------------------+----------+

Report Cell Usage: 
+------+-------------------+------+
|      |Cell               |Count |
+------+-------------------+------+
|1     |async_fifo_16x2048 |     2|
|3     |clk_wiz            |     1|
|4     |BUFG               |     1|
|5     |CARRY4             |    32|
|6     |LUT1               |     8|
|7     |LUT2               |    63|
|8     |LUT3               |    21|
|9     |LUT4               |    49|
|10    |LUT5               |    54|
|11    |LUT6               |   205|
|12    |MUXF7              |    24|
|13    |MUXF8              |    12|
|14    |FDCE               |   249|
|15    |FDPE               |     6|
|16    |FDRE               |    60|
|17    |FDSE               |     2|
|18    |IBUF               |    12|
|19    |IOBUF              |    16|
|20    |OBUF               |    41|
|21    |OBUFT              |     1|
+------+-------------------+------+
---------------------------------------------------------------------------------
Finished Writing Synthesis Report : Time (s): cpu = 00:00:23 ; elapsed = 00:00:25 . Memory (MB): peak = 1551.547 ; gain = 1009.633
---------------------------------------------------------------------------------
Synthesis finished with 0 errors, 0 critical warnings and 1 warnings.
Synthesis Optimization Runtime : Time (s): cpu = 00:00:17 ; elapsed = 00:00:24 . Memory (MB): peak = 1551.547 ; gain = 918.953
Synthesis Optimization Complete : Time (s): cpu = 00:00:23 ; elapsed = 00:00:25 . Memory (MB): peak = 1551.547 ; gain = 1009.633
INFO: [Project 1-571] Translating synthesized netlist
Netlist sorting complete. Time (s): cpu = 00:00:00 ; elapsed = 00:00:00.007 . Memory (MB): peak = 1551.547 ; gain = 0.000
INFO: [Netlist 29-17] Analyzing 84 Unisim elements for replacement
INFO: [Netlist 29-28] Unisim Transformation completed in 0 CPU seconds
INFO: [Project 1-570] Preparing netlist for logic optimization
INFO: [Opt 31-138] Pushed 0 inverter(s) to 0 load pin(s).
Netlist sorting complete. Time (s): cpu = 00:00:00 ; elapsed = 00:00:00 . Memory (MB): peak = 1551.547 ; gain = 0.000
INFO: [Project 1-111] Unisim Transformation Summary:
  A total of 16 instances were transformed.
  IOBUF => IOBUF (IBUF, OBUFT): 16 instances

Synth Design complete | Checksum: 52b7e7de
INFO: [Common 17-83] Releasing license: Synthesis
43 Infos, 19 Warnings, 0 Critical Warnings and 0 Errors encountered.
synth_design completed successfully
synth_design: Time (s): cpu = 00:00:26 ; elapsed = 00:00:30 . Memory (MB): peak = 1551.547 ; gain = 1202.078
Write ShapeDB Complete: Time (s): cpu = 00:00:00 ; elapsed = 00:00:00.003 . Memory (MB): peak = 1551.547 ; gain = 0.000
INFO: [Common 17-1381] The checkpoint 'D:/Ayush/Xilinx/edge_detection_v2/edge_detection_v2.runs/synth_1/top.dcp' has been generated.
INFO: [Vivado 12-24828] Executing command : report_utilization -file top_utilization_synth.rpt -pb top_utilization_synth.pb
INFO: [Common 17-206] Exiting Vivado at Wed Aug 26 13:05:49 2026...
